OCO3_L2_Lite_FP: versions found ['11r']; using 11r; 893 in-season granules
698 granules left to scan (195 already done)
  [1/698] 2020-10-01: 0 soundings near corridor
  [2/698] 2020-10-02: 0 soundings near corridor
  [3/698] 2020-10-03: 0 soundings near corridor
  [4/698] 2020-10-04: 0 soundings near corridor
  [5/698] 2020-10-05: 0 soundings near corridor
  [6/698] 2020-10-06: 0 soundings near corridor
  [7/698] 2020-10-07: 0 soundings near corridor
  [8/698] 2020-10-08: 0 soundings near corridor
  [9/698] 2020-10-09: 0 soundings near corridor
  [10/698] 2020-10-10: 0 soundings near corridor
  [11/698] 2020-10-11: 0 soundings near corridor
  [12/698] 2020-10-12: 0 soundings near corridor
  [13/698] 2020-10-13: 0 soundings near corridor
  [14/698] 2020-10-14: 0 soundings near corridor
  [15/698] 2020-10-15: 0 soundings near corridor
  [16/698] 2020-10-16: 0 soundings near corridor
  [17/698] 2020-10-17: 0 soundings near corridor
  [18/698] 2020-10-18: 0 soundings near corridor
  [19/698] 2020-10-19: 0 soundings near corridor
  [20/698] 2020-10-20: 0 soundings near corridor
  [21/698] 2020-10-21: 0 soundings near corridor
  [22/698] 2020-10-22: 0 soundings near corridor
  [23/698] 2020-10-23: 0 soundings near corridor
  [24/698] 2020-10-24: 0 soundings near corridor
  [25/698] 2020-10-25: 0 soundings near corridor
  [26/698] 2020-10-26: 0 soundings near corridor
  [27/698] 2020-10-27: 0 soundings near corridor
  [28/698] 2020-10-28: 0 soundings near corridor
  [29/698] 2020-10-29: 0 soundings near corridor
  [30/698] 2020-10-30: 0 soundings near corridor
  [31/698] 2020-10-31: 0 soundings near corridor
  [32/698] 2020-11-01: 0 soundings near corridor
  [33/698] 2020-11-02: 0 soundings near corridor
  [34/698] 2020-11-03: 0 soundings near corridor
  [35/698] 2020-11-04: 0 soundings near corridor
  [36/698] 2020-11-05: 0 soundings near corridor
  [37/698] 2020-11-06: 0 soundings near corridor
  [38/698] 2020-11-07: 0 soundings near corridor
  [39/698] 2020-11-08: 0 soundings near corridor
  [40/698] 2020-11-09: 0 soundings near corridor
  [41/698] 2020-11-10: 0 soundings near corridor
  [42/698] 2020-11-11: 0 soundings near corridor
  [43/698] 2020-11-12: 0 soundings near corridor
  [44/698] 2020-11-13: 0 soundings near corridor
  [45/698] 2020-11-14: 0 soundings near corridor
  [46/698] 2020-11-15: 0 soundings near corridor
  [47/698] 2020-11-16: 0 soundings near corridor
  [48/698] 2020-11-17: 0 soundings near corridor
  [49/698] 2020-11-18: 0 soundings near corridor
  [50/698] 2020-11-19: 0 soundings near corridor
  [51/698] 2020-11-20: 0 soundings near corridor
  [52/698] 2020-11-21: 0 soundings near corridor
  [53/698] 2020-11-22: 0 soundings near corridor
  [54/698] 2020-11-23: 0 soundings near corridor
  [55/698] 2020-11-24: 0 soundings near corridor
  [56/698] 2020-11-25: 4 soundings near corridor
  [57/698] 2020-11-26: 0 soundings near corridor
  [58/698] 2020-11-27: 0 soundings near corridor
  [59/698] 2020-11-28: 0 soundings near corridor
  [60/698] 2020-11-29: 12 soundings near corridor
  [61/698] 2020-11-30: 0 soundings near corridor
  [62/698] 2020-12-01: 0 soundings near corridor
  [63/698] 2020-12-02: 0 soundings near corridor
  [64/698] 2020-12-03: 0 soundings near corridor
  [65/698] 2020-12-04: 0 soundings near corridor
  [66/698] 2020-12-05: 0 soundings near corridor
  [67/698] 2020-12-06: 0 soundings near corridor
  [68/698] 2020-12-07: 9 soundings near corridor
  [69/698] 2020-12-08: 0 soundings near corridor
  [70/698] 2020-12-09: 0 soundings near corridor
  [71/698] 2020-12-10: 0 soundings near corridor
  [72/698] 2020-12-11: 0 soundings near corridor
  [73/698] 2020-12-12: 0 soundings near corridor
  [74/698] 2020-12-13: 0 soundings near corridor
  [75/698] 2020-12-14: 0 soundings near corridor
  [76/698] 2020-12-15: 0 soundings near corridor
  [77/698] 2020-12-16: 0 soundings near corridor
  [78/698] 2020-12-17: 0 soundings near corridor
  [79/698] 2020-12-18: 0 soundings near corridor
  [80/698] 2020-12-19: 0 soundings near corridor
  [81/698] 2020-12-20: 1322 soundings near corridor
  [82/698] 2020-12-21: 0 soundings near corridor
  [83/698] 2020-12-22: 0 soundings near corridor
  [84/698] 2020-12-23: 0 soundings near corridor
  [85/698] 2020-12-24: 1346 soundings near corridor
  [86/698] 2020-12-25: 0 soundings near corridor
  [87/698] 2020-12-26: 0 soundings near corridor
  [88/698] 2020-12-27: 0 soundings near corridor
  [89/698] 2020-12-28: 0 soundings near corridor
  [90/698] 2020-12-29: 0 soundings near corridor
  [91/698] 2020-12-30: 0 soundings near corridor
  [92/698] 2020-12-31: 0 soundings near corridor
  [93/698] 2021-01-01: 1321 soundings near corridor
  [94/698] 2021-01-02: 0 soundings near corridor
  [95/698] 2021-01-03: 0 soundings near corridor
  [96/698] 2021-01-04: 0 soundings near corridor
  [97/698] 2021-01-05: 217 soundings near corridor
  [98/698] 2021-01-06: 0 soundings near corridor
  [99/698] 2021-01-07: 0 soundings near corridor
  [100/698] 2021-01-08: 0 soundings near corridor
  [101/698] 2021-01-09: 0 soundings near corridor
  [102/698] 2021-01-10: 0 soundings near corridor
  [103/698] 2021-01-11: 0 soundings near corridor
  [104/698] 2021-01-12: 0 soundings near corridor
  [105/698] 2021-01-13: 0 soundings near corridor
  [106/698] 2021-01-14: 0 soundings near corridor
  [107/698] 2021-01-15: 0 soundings near corridor
  [108/698] 2021-01-16: 0 soundings near corridor
  [109/698] 2021-01-17: 0 soundings near corridor
  [110/698] 2021-01-18: 0 soundings near corridor
  [111/698] 2021-01-19: 0 soundings near corridor
  [112/698] 2021-01-20: 0 soundings near corridor
  [113/698] 2021-01-24: 0 soundings near corridor
  [114/698] 2021-01-25: 0 soundings near corridor
  [115/698] 2021-01-26: 0 soundings near corridor
  [116/698] 2021-01-27: 23 soundings near corridor
  [117/698] 2021-01-28: 0 soundings near corridor
  [118/698] 2021-01-29: 0 soundings near corridor
  [119/698] 2021-01-30: 0 soundings near corridor
  [120/698] 2021-01-31: 13 soundings near corridor
  [121/698] 2021-02-01: 0 soundings near corridor
  [122/698] 2021-02-04: 0 soundings near corridor
  [123/698] 2021-02-05: 0 soundings near corridor
  [124/698] 2021-02-06: 0 soundings near corridor
  [125/698] 2021-02-07: 0 soundings near corridor
  [126/698] 2021-02-08: 2 soundings near corridor
  [127/698] 2021-02-09: 0 soundings near corridor
  [128/698] 2021-02-10: 0 soundings near corridor
  [129/698] 2021-02-11: 0 soundings near corridor
  [130/698] 2021-02-12: 0 soundings near corridor
  [131/698] 2021-02-13: 0 soundings near corridor
  [132/698] 2021-02-14: 0 soundings near corridor
  [133/698] 2021-02-15: 0 soundings near corridor
  [134/698] 2021-02-16: 0 soundings near corridor
  [135/698] 2021-02-17: 0 soundings near corridor
  [136/698] 2021-02-18: 0 soundings near corridor
  [137/698] 2021-02-19: 0 soundings near corridor
  [138/698] 2021-02-20: 0 soundings near corridor
  [139/698] 2021-02-21: 0 soundings near corridor
  [140/698] 2021-02-22: 0 soundings near corridor
  [141/698] 2021-02-23: 0 soundings near corridor
  [142/698] 2021-02-24: 0 soundings near corridor
  [143/698] 2021-02-25: 0 soundings near corridor
  [144/698] 2021-02-26: 0 soundings near corridor
  [145/698] 2021-02-27: 0 soundings near corridor
  [146/698] 2021-02-28: 0 soundings near corridor
  [147/698] 2021-03-01: 0 soundings near corridor
  [148/698] 2021-03-02: 0 soundings near corridor
  [149/698] 2021-03-03: 0 soundings near corridor
  [150/698] 2021-03-04: 0 soundings near corridor
  [151/698] 2021-03-05: 0 soundings near corridor
  [152/698] 2021-03-06: 0 soundings near corridor
  [153/698] 2021-03-07: 0 soundings near corridor
  [154/698] 2021-03-08: 0 soundings near corridor
  [155/698] 2021-03-09: 0 soundings near corridor
  [156/698] 2021-03-10: 0 soundings near corridor
  [157/698] 2021-03-11: 0 soundings near corridor
  [158/698] 2021-03-12: 0 soundings near corridor
  [159/698] 2021-03-13: 0 soundings near corridor
  [160/698] 2021-03-14: 0 soundings near corridor
  [161/698] 2021-03-15: 0 soundings near corridor
  [162/698] 2021-03-16: 0 soundings near corridor
  [163/698] 2021-03-17: 0 soundings near corridor
  [164/698] 2021-03-18: 0 soundings near corridor
  [165/698] 2021-03-19: 0 soundings near corridor
  [166/698] 2021-03-20: 0 soundings near corridor
  [167/698] 2021-03-21: 0 soundings near corridor
  [168/698] 2021-03-22: 0 soundings near corridor
  [169/698] 2021-03-23: 0 soundings near corridor
  [170/698] 2021-03-24: 0 soundings near corridor
  [171/698] 2021-03-25: 0 soundings near corridor
  [172/698] 2021-03-26: 0 soundings near corridor
  [173/698] 2021-03-27: 0 soundings near corridor
  [174/698] 2021-03-28: 0 soundings near corridor
  [175/698] 2021-03-29: 0 soundings near corridor
  [176/698] 2021-03-30: 0 soundings near corridor
  [177/698] 2021-03-31: 0 soundings near corridor
  [178/698] 2021-04-01: 0 soundings near corridor
  [179/698] 2021-04-02: 0 soundings near corridor
  [180/698] 2021-04-03: 0 soundings near corridor
  [181/698] 2021-04-04: 0 soundings near corridor
  [182/698] 2021-04-05: 0 soundings near corridor
  [183/698] 2021-04-06: 0 soundings near corridor
  [184/698] 2021-04-07: 0 soundings near corridor
  [185/698] 2021-04-08: 0 soundings near corridor
  [186/698] 2021-04-09: 0 soundings near corridor
  [187/698] 2021-04-10: 0 soundings near corridor
  [188/698] 2021-04-11: 0 soundings near corridor
  [189/698] 2021-04-12: 0 soundings near corridor
  [190/698] 2021-04-13: 0 soundings near corridor
  [191/698] 2021-04-14: 0 soundings near corridor
  [192/698] 2021-04-15: 0 soundings near corridor
  [193/698] 2021-04-16: 0 soundings near corridor
  [194/698] 2021-04-17: 21 soundings near corridor
  [195/698] 2021-04-18: 0 soundings near corridor
  [196/698] 2021-04-19: 0 soundings near corridor
  [197/698] 2021-04-20: 0 soundings near corridor
  [198/698] 2021-04-21: 0 soundings near corridor
  [199/698] 2021-04-22: 0 soundings near corridor
  [200/698] 2021-04-23: 0 soundings near corridor
  [201/698] 2021-04-24: 0 soundings near corridor
  [202/698] 2021-04-25: 0 soundings near corridor
  [203/698] 2021-04-26: 0 soundings near corridor
  [204/698] 2021-04-27: 0 soundings near corridor
  [205/698] 2021-04-28: 0 soundings near corridor
  [206/698] 2021-04-29: 32 soundings near corridor
  [207/698] 2021-05-03: 0 soundings near corridor
  [208/698] 2021-05-04: 0 soundings near corridor
  [209/698] 2021-05-05: 0 soundings near corridor
  [210/698] 2021-05-06: 0 soundings near corridor
  [211/698] 2021-05-07: 0 soundings near corridor
  [212/698] 2021-05-08: 0 soundings near corridor
  [213/698] 2021-05-09: 0 soundings near corridor
  [214/698] 2021-05-10: 0 soundings near corridor
  [215/698] 2021-05-11: 0 soundings near corridor
  [216/698] 2021-05-12: 0 soundings near corridor
  [217/698] 2021-05-13: 0 soundings near corridor
  [218/698] 2021-05-14: 0 soundings near corridor
  [219/698] 2021-05-15: 0 soundings near corridor
  [220/698] 2021-05-16: 0 soundings near corridor
  [221/698] 2021-05-17: 0 soundings near corridor
  [222/698] 2021-05-18: 0 soundings near corridor
  [223/698] 2021-05-19: 0 soundings near corridor
  [224/698] 2021-05-20: 0 soundings near corridor
  [225/698] 2021-05-21: 0 soundings near corridor
  [226/698] 2021-05-22: 93 soundings near corridor
  [227/698] 2021-05-23: 0 soundings near corridor
  [228/698] 2021-05-24: 0 soundings near corridor
  [229/698] 2021-05-25: 0 soundings near corridor
  [230/698] 2021-05-26: 334 soundings near corridor
  [231/698] 2021-05-27: 0 soundings near corridor
  [232/698] 2021-05-28: 0 soundings near corridor
  [233/698] 2021-05-29: 0 soundings near corridor
  [234/698] 2021-05-30: 0 soundings near corridor
  [235/698] 2021-05-31: 0 soundings near corridor
  [236/698] 2021-10-01: 0 soundings near corridor
  [237/698] 2021-10-02: 0 soundings near corridor
  [238/698] 2021-10-03: 0 soundings near corridor
  [239/698] 2021-10-04: 0 soundings near corridor
  [240/698] 2021-10-05: 0 soundings near corridor
  [241/698] 2021-10-06: 0 soundings near corridor
  [242/698] 2021-10-07: 0 soundings near corridor
  [243/698] 2021-10-08: 0 soundings near corridor
  [244/698] 2021-10-09: 0 soundings near corridor
  [245/698] 2021-10-10: 0 soundings near corridor
  [246/698] 2021-10-11: 0 soundings near corridor
  [247/698] 2021-10-12: 0 soundings near corridor
  [248/698] 2021-10-13: 0 soundings near corridor
  [249/698] 2021-10-14: 0 soundings near corridor
  [250/698] 2021-10-15: 0 soundings near corridor
  [251/698] 2021-10-16: 0 soundings near corridor
  [252/698] 2021-10-17: 0 soundings near corridor
  [253/698] 2021-10-18: 0 soundings near corridor
  [254/698] 2021-10-19: 0 soundings near corridor
  [255/698] 2021-10-20: 0 soundings near corridor
  [256/698] 2021-10-21: 0 soundings near corridor
  [257/698] 2021-10-22: 0 soundings near corridor
  [258/698] 2021-10-23: 0 soundings near corridor
  [259/698] 2021-10-24: 0 soundings near corridor
  [260/698] 2021-10-25: 0 soundings near corridor
  [261/698] 2021-10-26: 0 soundings near corridor
  [262/698] 2021-10-27: 0 soundings near corridor
  [263/698] 2021-10-28: 0 soundings near corridor
  [264/698] 2021-10-29: 0 soundings near corridor
  [265/698] 2021-10-30: 0 soundings near corridor
  [266/698] 2021-10-31: 0 soundings near corridor
  [267/698] 2021-11-01: 0 soundings near corridor
  [268/698] 2021-11-02: 0 soundings near corridor
  [269/698] 2021-11-03: 0 soundings near corridor
  [270/698] 2021-11-04: 0 soundings near corridor
  [271/698] 2021-11-05: 0 soundings near corridor
  [272/698] 2021-11-06: 0 soundings near corridor
  [273/698] 2021-11-07: 0 soundings near corridor
  [274/698] 2021-11-08: 0 soundings near corridor
  [275/698] 2021-11-09: 0 soundings near corridor
  [276/698] 2021-11-10: 0 soundings near corridor
  [277/698] 2021-11-11: 0 soundings near corridor
  [278/698] 2021-11-12: 0 soundings near corridor
  [279/698] 2021-11-13: 0 soundings near corridor
  [280/698] 2021-11-14: 0 soundings near corridor
  [281/698] 2021-11-15: 0 soundings near corridor
  [282/698] 2021-11-17: 0 soundings near corridor
  [283/698] 2021-11-18: 0 soundings near corridor
  [284/698] 2021-11-19: 0 soundings near corridor
  [285/698] 2021-11-20: 0 soundings near corridor
  [286/698] 2021-11-21: 0 soundings near corridor
  [287/698] 2021-11-22: 0 soundings near corridor
  [288/698] 2021-11-23: 0 soundings near corridor
  [289/698] 2021-11-24: 0 soundings near corridor
  [290/698] 2021-11-25: 0 soundings near corridor
  [291/698] 2021-11-26: 0 soundings near corridor
  [292/698] 2021-11-27: 0 soundings near corridor
  [293/698] 2021-11-28: 0 soundings near corridor
  [294/698] 2021-11-29: 0 soundings near corridor
  [295/698] 2021-11-30: 0 soundings near corridor
  [296/698] 2021-12-01: 0 soundings near corridor
  [297/698] 2021-12-02: 0 soundings near corridor
  [298/698] 2021-12-03: 0 soundings near corridor
  [299/698] 2021-12-04: 0 soundings near corridor
  [300/698] 2021-12-05: 0 soundings near corridor
  [301/698] 2021-12-06: 0 soundings near corridor
  [302/698] 2021-12-07: 0 soundings near corridor
  [303/698] 2021-12-08: 0 soundings near corridor
  [304/698] 2021-12-15: 0 soundings near corridor
  [305/698] 2021-12-16: 0 soundings near corridor
  [306/698] 2021-12-17: 0 soundings near corridor
  [307/698] 2021-12-18: 0 soundings near corridor
  [308/698] 2021-12-19: 0 soundings near corridor
  [309/698] 2021-12-20: 0 soundings near corridor
  [310/698] 2021-12-21: 0 soundings near corridor
  [311/698] 2021-12-22: 0 soundings near corridor
  [312/698] 2021-12-23: 0 soundings near corridor
  [313/698] 2021-12-24: 0 soundings near corridor
  [314/698] 2021-12-25: 0 soundings near corridor
  [315/698] 2021-12-26: 0 soundings near corridor
  [316/698] 2021-12-27: 0 soundings near corridor
  [317/698] 2021-12-28: 23 soundings near corridor
  [318/698] 2021-12-29: 0 soundings near corridor
  [319/698] 2021-12-30: 0 soundings near corridor
  [320/698] 2021-12-31: 0 soundings near corridor
  [321/698] 2022-01-01: 595 soundings near corridor
  [322/698] 2022-01-02: 0 soundings near corridor
  [323/698] 2022-01-03: 0 soundings near corridor
  [324/698] 2022-01-04: 0 soundings near corridor
  [325/698] 2022-01-05: 0 soundings near corridor
  [326/698] 2022-01-06: 0 soundings near corridor
  [327/698] 2022-01-07: 0 soundings near corridor
  [328/698] 2022-01-13: 0 soundings near corridor
  [329/698] 2022-01-14: 0 soundings near corridor
  [330/698] 2022-01-15: 0 soundings near corridor
  [331/698] 2022-01-16: 0 soundings near corridor
  [332/698] 2022-01-17: 0 soundings near corridor
  [333/698] 2022-01-18: 0 soundings near corridor
  [334/698] 2022-01-19: 279 soundings near corridor
  [335/698] 2022-01-20: 0 soundings near corridor
  [336/698] 2022-01-21: 0 soundings near corridor
  [337/698] 2022-01-22: 0 soundings near corridor
  [338/698] 2022-01-23: 0 soundings near corridor
  [339/698] 2022-01-24: 0 soundings near corridor
  [340/698] 2022-01-25: 0 soundings near corridor
  [341/698] 2022-01-26: 0 soundings near corridor
  [342/698] 2022-01-27: 933 soundings near corridor
  [343/698] 2022-01-28: 0 soundings near corridor
  [344/698] 2022-01-29: 0 soundings near corridor
  [345/698] 2022-01-30: 0 soundings near corridor
  [346/698] 2022-01-31: 0 soundings near corridor
  [347/698] 2022-02-01: 0 soundings near corridor
  [348/698] 2022-02-02: 0 soundings near corridor
  [349/698] 2022-02-03: 0 soundings near corridor
  [350/698] 2022-02-04: 0 soundings near corridor
  [351/698] 2022-02-05: 0 soundings near corridor
  [352/698] 2022-02-09: 0 soundings near corridor
  [353/698] 2022-02-10: 0 soundings near corridor
  [354/698] 2022-02-11: 0 soundings near corridor
  [355/698] 2022-02-12: 0 soundings near corridor
  [356/698] 2022-02-13: 0 soundings near corridor
  [357/698] 2022-02-14: 0 soundings near corridor
  [358/698] 2022-02-15: 0 soundings near corridor
  [359/698] 2022-02-16: 0 soundings near corridor
  [360/698] 2022-02-17: 0 soundings near corridor
  [361/698] 2022-02-18: 0 soundings near corridor
  [362/698] 2022-02-19: 0 soundings near corridor
  [363/698] 2022-02-20: 0 soundings near corridor
  [364/698] 2022-02-21: 0 soundings near corridor
  [365/698] 2022-02-22: 0 soundings near corridor
  [366/698] 2022-02-23: 0 soundings near corridor
  [367/698] 2022-02-24: 0 soundings near corridor
  [368/698] 2022-02-25: 0 soundings near corridor
  [369/698] 2022-02-26: 0 soundings near corridor
  [370/698] 2022-02-27: 0 soundings near corridor
  [371/698] 2022-02-28: 0 soundings near corridor
  [372/698] 2022-03-01: 0 soundings near corridor
  [373/698] 2022-03-02: 0 soundings near corridor
  [374/698] 2022-03-03: 0 soundings near corridor
  [375/698] 2022-03-04: 0 soundings near corridor
  [376/698] 2022-03-05: 0 soundings near corridor
  [377/698] 2022-03-06: 0 soundings near corridor
  [378/698] 2022-03-07: 0 soundings near corridor
  [379/698] 2022-03-08: 0 soundings near corridor
  [380/698] 2022-03-09: 0 soundings near corridor
  [381/698] 2022-03-10: 0 soundings near corridor
  [382/698] 2022-03-11: 0 soundings near corridor
  [383/698] 2022-03-12: 0 soundings near corridor
  [384/698] 2022-03-13: 0 soundings near corridor
  [385/698] 2022-03-14: 0 soundings near corridor
  [386/698] 2022-03-15: 0 soundings near corridor
  [387/698] 2022-03-16: 0 soundings near corridor
  [388/698] 2022-03-17: 0 soundings near corridor
  [389/698] 2022-03-18: 0 soundings near corridor
  [390/698] 2022-03-19: 0 soundings near corridor
  [391/698] 2022-03-20: 0 soundings near corridor
  [392/698] 2022-03-21: 0 soundings near corridor
  [393/698] 2022-03-22: 0 soundings near corridor
  [394/698] 2022-03-23: 0 soundings near corridor
  [395/698] 2022-03-24: 0 soundings near corridor
  [396/698] 2022-03-25: 0 soundings near corridor
  [397/698] 2022-03-26: 0 soundings near corridor
  [398/698] 2022-03-27: 0 soundings near corridor
  [399/698] 2022-03-28: 0 soundings near corridor
  [400/698] 2022-03-29: 0 soundings near corridor
  [401/698] 2022-03-30: 0 soundings near corridor
  [402/698] 2022-03-31: 0 soundings near corridor
  [403/698] 2022-04-01: 0 soundings near corridor
  [404/698] 2022-04-02: 0 soundings near corridor
  [405/698] 2022-04-03: 0 soundings near corridor
  [406/698] 2022-04-04: 0 soundings near corridor
  [407/698] 2022-04-05: 0 soundings near corridor
  [408/698] 2022-04-06: 0 soundings near corridor
  [409/698] 2022-04-07: 0 soundings near corridor
  [410/698] 2022-04-08: 0 soundings near corridor
  [411/698] 2022-04-09: 0 soundings near corridor
  [412/698] 2022-04-10: 0 soundings near corridor
  [413/698] 2022-04-11: 0 soundings near corridor
  [414/698] 2022-04-12: 0 soundings near corridor
  [415/698] 2022-04-13: 0 soundings near corridor
  [416/698] 2022-04-14: 0 soundings near corridor
  [417/698] 2022-04-15: 0 soundings near corridor
  [418/698] 2022-04-16: 0 soundings near corridor
  [419/698] 2022-04-17: 0 soundings near corridor
  [420/698] 2022-04-18: 0 soundings near corridor
  [421/698] 2022-04-19: 0 soundings near corridor
  [422/698] 2022-04-20: 0 soundings near corridor
  [423/698] 2022-04-21: 0 soundings near corridor
  [424/698] 2022-04-22: 220 soundings near corridor
  [425/698] 2022-04-23: 0 soundings near corridor
  [426/698] 2022-04-24: 0 soundings near corridor
  [427/698] 2022-04-25: 0 soundings near corridor
  [428/698] 2022-04-26: 24 soundings near corridor
  [429/698] 2022-04-27: 0 soundings near corridor
  [430/698] 2022-04-28: 0 soundings near corridor
  [431/698] 2022-04-29: 0 soundings near corridor
  [432/698] 2022-04-30: 0 soundings near corridor
  [433/698] 2022-05-01: 0 soundings near corridor
  [434/698] 2022-05-02: 0 soundings near corridor
  [435/698] 2022-05-03: 0 soundings near corridor
  [436/698] 2022-05-04: 995 soundings near corridor
  [437/698] 2022-05-05: 0 soundings near corridor
  [438/698] 2022-05-06: 0 soundings near corridor
  [439/698] 2022-05-07: 0 soundings near corridor
  [440/698] 2022-05-08: 0 soundings near corridor
  [441/698] 2022-05-09: 0 soundings near corridor
  [442/698] 2022-05-10: 0 soundings near corridor
  [443/698] 2022-05-11: 0 soundings near corridor
  [444/698] 2022-05-12: 0 soundings near corridor
  [445/698] 2022-05-13: 0 soundings near corridor
  [446/698] 2022-05-14: 0 soundings near corridor
  [447/698] 2022-05-15: 0 soundings near corridor
  [448/698] 2022-05-16: 0 soundings near corridor
  [449/698] 2022-05-17: 0 soundings near corridor
  [450/698] 2022-05-18: 0 soundings near corridor
  [451/698] 2022-05-19: 0 soundings near corridor
  [452/698] 2022-05-20: 0 soundings near corridor
  [453/698] 2022-05-21: 0 soundings near corridor
  [454/698] 2022-05-22: 608 soundings near corridor
  [455/698] 2022-05-23: 0 soundings near corridor
  [456/698] 2022-05-24: 0 soundings near corridor
  [457/698] 2022-05-29: 0 soundings near corridor
  [458/698] 2022-05-30: 0 soundings near corridor
  [459/698] 2022-05-31: 0 soundings near corridor
  [460/698] 2022-10-01: 0 soundings near corridor
  [461/698] 2022-10-02: 0 soundings near corridor
  [462/698] 2022-10-03: 0 soundings near corridor
  [463/698] 2022-10-04: 0 soundings near corridor
  [464/698] 2022-10-05: 0 soundings near corridor
  [465/698] 2022-10-06: 0 soundings near corridor
  [466/698] 2022-10-07: 0 soundings near corridor
  [467/698] 2022-10-08: 0 soundings near corridor
  [468/698] 2022-10-09: 0 soundings near corridor
  [469/698] 2022-10-10: 0 soundings near corridor
  [470/698] 2022-10-11: 0 soundings near corridor
  [471/698] 2022-10-12: 0 soundings near corridor
  [472/698] 2022-10-13: 0 soundings near corridor
  [473/698] 2022-10-14: 0 soundings near corridor
  [474/698] 2022-10-15: 0 soundings near corridor
  [475/698] 2022-10-16: 0 soundings near corridor
  [476/698] 2022-10-17: 0 soundings near corridor
  [477/698] 2022-10-18: 0 soundings near corridor
  [478/698] 2022-10-19: 0 soundings near corridor
  [479/698] 2022-10-20: 0 soundings near corridor
  [480/698] 2022-10-21: 0 soundings near corridor
  [481/698] 2022-10-22: 0 soundings near corridor
  [482/698] 2022-10-23: 0 soundings near corridor
  [483/698] 2022-10-24: 0 soundings near corridor
  [484/698] 2022-10-25: 0 soundings near corridor
  [485/698] 2022-10-26: 29 soundings near corridor
  [486/698] 2022-10-27: 0 soundings near corridor
  [487/698] 2022-10-28: 0 soundings near corridor
  [488/698] 2022-10-29: 0 soundings near corridor
  [489/698] 2022-10-30: 0 soundings near corridor
  [490/698] 2022-10-31: 0 soundings near corridor
  [491/698] 2022-11-01: 0 soundings near corridor
  [492/698] 2022-11-02: 0 soundings near corridor
  [493/698] 2022-11-03: 17 soundings near corridor
  [494/698] 2022-11-04: 0 soundings near corridor
  [495/698] 2022-11-05: 0 soundings near corridor
  [496/698] 2022-11-06: 0 soundings near corridor
  [497/698] 2022-11-07: 0 soundings near corridor
  [498/698] 2022-11-08: 0 soundings near corridor
  [499/698] 2022-11-09: 0 soundings near corridor
  [500/698] 2022-11-10: 0 soundings near corridor
  [501/698] 2022-11-11: 0 soundings near corridor
  [502/698] 2022-11-12: 0 soundings near corridor
  [503/698] 2022-11-13: 0 soundings near corridor
  [504/698] 2022-11-14: 0 soundings near corridor
  [505/698] 2022-11-15: 0 soundings near corridor
  [506/698] 2022-11-16: 0 soundings near corridor
  [507/698] 2022-11-17: 0 soundings near corridor
  [508/698] 2022-11-18: 0 soundings near corridor
  [509/698] 2022-11-19: 0 soundings near corridor
  [510/698] 2022-11-20: 0 soundings near corridor
  [511/698] 2022-11-21: 489 soundings near corridor
  [512/698] 2022-11-22: 0 soundings near corridor
  [513/698] 2022-11-23: 0 soundings near corridor
  [514/698] 2022-11-24: 0 soundings near corridor
  [515/698] 2022-11-25: 0 soundings near corridor
  [516/698] 2022-11-26: 0 soundings near corridor
  [517/698] 2022-11-27: 0 soundings near corridor
  [518/698] 2022-11-28: 0 soundings near corridor
  [519/698] 2022-11-29: 0 soundings near corridor
  [520/698] 2022-11-30: 0 soundings near corridor
  [521/698] 2022-12-01: 0 soundings near corridor
  [522/698] 2022-12-02: 0 soundings near corridor
  [523/698] 2022-12-03: 0 soundings near corridor
  [524/698] 2022-12-04: 0 soundings near corridor
  [525/698] 2022-12-05: 0 soundings near corridor
  [526/698] 2022-12-06: 0 soundings near corridor
  [527/698] 2022-12-07: 0 soundings near corridor
  [528/698] 2022-12-08: 0 soundings near corridor
  [529/698] 2022-12-09: 0 soundings near corridor
  [530/698] 2022-12-10: 0 soundings near corridor
  [531/698] 2022-12-11: 0 soundings near corridor
  [532/698] 2022-12-12: 0 soundings near corridor
  [533/698] 2022-12-13: 0 soundings near corridor
  [534/698] 2022-12-14: 0 soundings near corridor
  [535/698] 2022-12-19: 0 soundings near corridor
  [536/698] 2022-12-20: 0 soundings near corridor
  [537/698] 2022-12-21: 0 soundings near corridor
  [538/698] 2022-12-22: 5 soundings near corridor
  [539/698] 2022-12-23: 0 soundings near corridor
  [540/698] 2022-12-24: 0 soundings near corridor
  [541/698] 2022-12-25: 0 soundings near corridor
  [542/698] 2022-12-26: 202 soundings near corridor
  [543/698] 2022-12-27: 0 soundings near corridor
  [544/698] 2022-12-28: 0 soundings near corridor
  [545/698] 2022-12-29: 0 soundings near corridor
  [546/698] 2022-12-30: 251 soundings near corridor
  [547/698] 2022-12-31: 0 soundings near corridor
  [548/698] 2023-01-01: 0 soundings near corridor
  [549/698] 2023-01-02: 0 soundings near corridor
  [550/698] 2023-01-03: 70 soundings near corridor
  [551/698] 2023-01-04: 0 soundings near corridor
  [552/698] 2023-01-05: 0 soundings near corridor
  [553/698] 2023-01-06: 0 soundings near corridor
  [554/698] 2023-01-07: 0 soundings near corridor
  [555/698] 2023-01-08: 0 soundings near corridor
  [556/698] 2023-01-09: 0 soundings near corridor
  [557/698] 2023-01-10: 0 soundings near corridor
  [558/698] 2023-01-15: 0 soundings near corridor
  [559/698] 2023-01-16: 0 soundings near corridor
  [560/698] 2023-01-17: 0 soundings near corridor
  [561/698] 2023-01-18: 0 soundings near corridor
  [562/698] 2023-01-19: 0 soundings near corridor
  [563/698] 2023-01-20: 0 soundings near corridor
  [564/698] 2023-01-21: 218 soundings near corridor
  [565/698] 2023-01-22: 0 soundings near corridor
  [566/698] 2023-01-23: 0 soundings near corridor
  [567/698] 2023-01-24: 0 soundings near corridor
  [568/698] 2023-01-25: 0 soundings near corridor
  [569/698] 2023-01-26: 0 soundings near corridor
  [570/698] 2023-01-27: 0 soundings near corridor
  [571/698] 2023-01-28: 0 soundings near corridor
  [572/698] 2023-01-29: 0 soundings near corridor
  [573/698] 2023-01-30: 0 soundings near corridor
  [574/698] 2023-02-01: 0 soundings near corridor
  [575/698] 2023-02-02: 0 soundings near corridor
  [576/698] 2023-02-03: 0 soundings near corridor
  [577/698] 2023-02-04: 0 soundings near corridor
  [578/698] 2023-02-05: 0 soundings near corridor
  [579/698] 2023-02-06: 0 soundings near corridor
  [580/698] 2023-02-07: 0 soundings near corridor
  [581/698] 2023-02-08: 0 soundings near corridor
  [582/698] 2023-02-09: 0 soundings near corridor
  [583/698] 2023-02-10: 0 soundings near corridor
  [584/698] 2023-02-11: 0 soundings near corridor
  [585/698] 2023-02-14: 0 soundings near corridor
  [586/698] 2023-02-15: 0 soundings near corridor
  [587/698] 2023-02-21: 0 soundings near corridor
  [588/698] 2023-02-22: 0 soundings near corridor
  [589/698] 2023-02-23: 0 soundings near corridor
  [590/698] 2023-02-24: 0 soundings near corridor
  [591/698] 2023-02-25: 46 soundings near corridor
  [592/698] 2023-02-26: 0 soundings near corridor
  [593/698] 2023-02-27: 0 soundings near corridor
  [594/698] 2023-02-28: 0 soundings near corridor
  [595/698] 2023-03-01: 141 soundings near corridor
  [596/698] 2023-03-02: 0 soundings near corridor
  [597/698] 2023-03-03: 0 soundings near corridor
  [598/698] 2023-03-04: 0 soundings near corridor
  [599/698] 2023-03-05: 53 soundings near corridor
  [600/698] 2023-03-06: 0 soundings near corridor
  [601/698] 2023-03-07: 0 soundings near corridor
  [602/698] 2023-03-08: 0 soundings near corridor
  [603/698] 2023-03-09: 0 soundings near corridor
  [604/698] 2023-03-10: 0 soundings near corridor
  [605/698] 2023-03-11: 0 soundings near corridor
  [606/698] 2023-03-12: 0 soundings near corridor
  [607/698] 2023-03-13: 0 soundings near corridor
  [608/698] 2023-03-14: 0 soundings near corridor
  [609/698] 2023-03-15: 0 soundings near corridor
  [610/698] 2023-03-16: 0 soundings near corridor
  [611/698] 2023-03-17: 0 soundings near corridor
  [612/698] 2023-03-18: 0 soundings near corridor
  [613/698] 2023-03-19: 0 soundings near corridor
  [614/698] 2023-03-20: 0 soundings near corridor
  [615/698] 2023-03-21: 0 soundings near corridor
  [616/698] 2023-03-22: 0 soundings near corridor
  [617/698] 2023-03-23: 0 soundings near corridor
  [618/698] 2023-03-24: 0 soundings near corridor
  [619/698] 2023-03-25: 0 soundings near corridor
  [620/698] 2023-03-26: 0 soundings near corridor
  [621/698] 2023-03-27: 0 soundings near corridor
  [622/698] 2023-03-28: 0 soundings near corridor
  [623/698] 2023-03-29: 0 soundings near corridor
  [624/698] 2023-03-30: 0 soundings near corridor
  [625/698] 2023-03-31: 0 soundings near corridor
  [626/698] 2023-04-01: 0 soundings near corridor
  [627/698] 2023-04-02: 0 soundings near corridor
  [628/698] 2023-04-03: 0 soundings near corridor
  [629/698] 2023-04-04: 0 soundings near corridor
  [630/698] 2023-04-05: 0 soundings near corridor
  [631/698] 2023-04-06: 0 soundings near corridor
  [632/698] 2023-04-07: 0 soundings near corridor
  [633/698] 2023-04-08: 0 soundings near corridor
  [634/698] 2023-04-09: 0 soundings near corridor
  [635/698] 2023-04-10: 0 soundings near corridor
  [636/698] 2023-04-11: 0 soundings near corridor
  [637/698] 2023-04-12: 0 soundings near corridor
  [638/698] 2023-04-13: 0 soundings near corridor
  [639/698] 2023-04-14: 0 soundings near corridor
  [640/698] 2023-04-15: 0 soundings near corridor
  [641/698] 2023-04-16: 0 soundings near corridor
  [642/698] 2023-04-17: 0 soundings near corridor
  [643/698] 2023-04-18: 0 soundings near corridor
  [644/698] 2023-04-19: 0 soundings near corridor
  [645/698] 2023-04-20: 0 soundings near corridor
  [646/698] 2023-04-21: 0 soundings near corridor
  [647/698] 2023-04-22: 0 soundings near corridor
  [648/698] 2023-04-23: 0 soundings near corridor
  [649/698] 2023-04-24: 0 soundings near corridor
  [650/698] 2023-04-25: 0 soundings near corridor
  [651/698] 2023-04-26: 0 soundings near corridor
  [652/698] 2023-04-27: 0 soundings near corridor
  [653/698] 2023-04-28: 87 soundings near corridor
  [654/698] 2023-04-29: 0 soundings near corridor
  [655/698] 2023-04-30: 0 soundings near corridor
  [656/698] 2023-05-01: 0 soundings near corridor
  [657/698] 2023-05-02: 0 soundings near corridor
  [658/698] 2023-05-03: 0 soundings near corridor
  [659/698] 2023-05-04: 0 soundings near corridor
  [660/698] 2023-05-05: 0 soundings near corridor
  [661/698] 2023-05-06: 0 soundings near corridor
  [662/698] 2023-05-07: 0 soundings near corridor
  [663/698] 2023-05-08: 0 soundings near corridor
  [664/698] 2023-05-09: 0 soundings near corridor
  [665/698] 2023-05-10: 0 soundings near corridor
  [666/698] 2023-05-11: 0 soundings near corridor
  [667/698] 2023-05-12: 0 soundings near corridor
  [668/698] 2023-05-13: 0 soundings near corridor
  [669/698] 2023-05-14: 0 soundings near corridor
  [670/698] 2023-05-15: 0 soundings near corridor
  [671/698] 2023-05-16: 0 soundings near corridor
  [672/698] 2023-05-17: 0 soundings near corridor
  [673/698] 2023-05-18: 0 soundings near corridor
  [674/698] 2023-05-19: 0 soundings near corridor
  [675/698] 2023-05-20: 925 soundings near corridor
  [676/698] 2023-05-21: 0 soundings near corridor
  [677/698] 2023-05-22: 0 soundings near corridor
  [678/698] 2023-05-26: 0 soundings near corridor
  [679/698] 2023-05-27: 0 soundings near corridor
  [680/698] 2023-05-28: 0 soundings near corridor
  [681/698] 2023-05-29: 0 soundings near corridor
  [682/698] 2023-05-30: 0 soundings near corridor
  [683/698] 2023-05-31: 0 soundings near corridor
  [684/698] 2023-10-01: 0 soundings near corridor
  [685/698] 2023-10-02: 0 soundings near corridor
  [686/698] 2023-10-03: 0 soundings near corridor
  [687/698] 2023-10-04: 0 soundings near corridor
  [688/698] 2023-10-05: 0 soundings near corridor
  [689/698] 2023-10-06: 0 soundings near corridor
  [690/698] 2023-10-07: 0 soundings near corridor
  [691/698] 2023-10-08: 0 soundings near corridor
  [692/698] 2023-10-09: 0 soundings near corridor
  [693/698] 2023-11-07: 0 soundings near corridor
  [694/698] 2023-11-08: 0 soundings near corridor
  [695/698] 2023-11-09: 0 soundings near corridor
  [696/698] 2023-11-10: 0 soundings near corridor
  [697/698] 2023-11-11: 0 soundings near corridor
  [698/698] 2023-11-12: 0 soundings near corridor
{
  "product": "oco3",
  "generated": "2026-09-24T01:43:09",
  "days_scanned": 893,
  "soundings_near_corridor_all_quality": 12196,
  "good_soundings_in_bbox": 637,
  "good_soundings_in_corridor": 236,
  "good_soundings_per_cluster": {
    "C1_shivajinagar_kasarwadi": 145,
    "C2_pcmc": 142,
    "C3_dehu_talegaon": 122
  },
  "days_with_any_good_corridor_sounding": 10,
  "usable_days_(>=20_good_in_corridor)": 6,
  "good_corridor_soundings_by_operation_mode": {
    "4": 183,
    "0": 53
  },
  "good_corridor_soundings_by_season_month": {
    "2019-10": 25,
    "2020-04": 47,
    "2020-12": 78,
    "2021-01": 20,
    "2022-01": 45,
    "2022-05": 2,
    "2022-11": 19
  }
}

Saved D:\EcoTrack\outputs\feasibility\g1_oco3_summary.json
Read-out guide (a judgement call, record it in docs/decisions.md):
  >= ~15 usable days  -> OCO-3 can serve as an independent validation target (label L2)
  ~5-15 usable days   -> case-study / constraint on cluster totals only
  < ~5 usable days    -> qualitative only; Experiment B reframed, try OCO-2 as well
