  NOx 2019 TOTALS             box total       43,942 Tonnes
  NOx 2020 TOTALS             box total       41,961 Tonnes
  NOx 2021 TOTALS             box total       43,216 Tonnes
  NOx 2022 TOTALS             box total       44,506 Tonnes
  CO2 2019 TOTALS             box total    7,253,189 Tonnes
  CO2 2020 TOTALS             box total    6,423,902 Tonnes
  CO2 2021 TOTALS             box total    6,844,003 Tonnes
  CO2 2022 TOTALS             box total    7,262,240 Tonnes
  NOx 2021 ENE                box total        1,091 Tonnes
  NOx 2021 IND                box total       28,606 Tonnes
  NOx 2021 TRO                box total        7,837 Tonnes
  NOx 2021 RCO                box total        2,688 Tonnes
  NOx 2021 REF_TRF            box total           32 Tonnes
  NOx 2021 TNR_Other          box total          302 Tonnes
  NOx 2021 TNR_Aviation_LTO   box total           73 Tonnes
  NOx 2021 PRO_FFF            box total            0 Tonnes
  NOx 2021 NMM                box total            0 Tonnes
  NOx 2021 CHE                box total            0 Tonnes
  NOx 2021 IRO                box total            0 Tonnes
  NOx 2021 NFE                box total            0 Tonnes
  NOx 2021 NEU: not available
  NOx 2021 PRU_SOL: not available
  NOx 2021 SWD_INC            box total            0 Tonnes
  NOx 2021 AGS                box total        1,543 Tonnes
  NOx 2021 AWB                box total          629 Tonnes
  NOx 2021 FOO_PAP            box total           53 Tonnes
  NOx 2021 MNM                box total           21 Tonnes
  CO2 2021 ENE                box total      294,739 Tonnes
  CO2 2021 IND                box total    3,314,146 Tonnes
  CO2 2021 TRO                box total    1,346,884 Tonnes
  CO2 2021 RCO                box total    1,095,113 Tonnes
  CO2 2021 REF_TRF            box total       78,245 Tonnes
  CO2 2021 TNR_Other          box total       23,396 Tonnes
  CO2 2021 TNR_Aviation_LTO   box total       21,420 Tonnes
  CO2 2021 PRO_FFF            box total            1 Tonnes
  CO2 2021 NMM                box total        1,594 Tonnes
  CO2 2021 CHE                box total      396,211 Tonnes
  CO2 2021 IRO                box total            0 Tonnes
  CO2 2021 NFE                box total        3,044 Tonnes
  CO2 2021 NEU                box total       61,574 Tonnes
  CO2 2021 PRU_SOL            box total       31,304 Tonnes
  CO2 2021 SWD_INC            box total            0 Tonnes
  CO2 2021 AGS                box total       83,094 Tonnes
  CO2 2021 AWB: not available
  CO2 2021 FOO_PAP: not available
  CO2 2021 MNM: not available
