  CO 2019 TOTALS             box total      342,118 Tonnes
  CO 2020 TOTALS             box total      349,024 Tonnes
  CO 2021 TOTALS             box total      354,579 Tonnes
  CO 2022 TOTALS             box total      358,519 Tonnes
  NOx 2021 NEU: not available
  NOx 2021 PRU_SOL: not available
  CO2 2021 AWB: not available
  CO2 2021 FOO_PAP: not available
  CO2 2021 MNM: not available
  CO 2021 ENE                box total          493 Tonnes
  CO 2021 IND                box total      173,174 Tonnes
  CO 2021 TRO                box total        8,947 Tonnes
  CO 2021 RCO                box total      124,939 Tonnes
  CO 2021 REF_TRF            box total       30,838 Tonnes
  CO 2021 TNR_Other          box total           65 Tonnes
  CO 2021 TNR_Aviation_LTO   box total           87 Tonnes
  CO 2021 PRO_FFF            box total            0 Tonnes
  CO 2021 NMM                box total            0 Tonnes
  CO 2021 CHE                box total           51 Tonnes
  CO 2021 IRO                box total            0 Tonnes
  CO 2021 NFE                box total            0 Tonnes
  CO 2021 NEU: not available
  CO 2021 PRU_SOL: not available
  CO 2021 SWD_INC            box total            0 Tonnes
  CO 2021 AGS: not available
  CO 2021 AWB                box total       15,642 Tonnes
  CO 2021 FOO_PAP            box total          287 Tonnes
  CO 2021 MNM: not available
